// Jest Snapshot v1, https://goo.gl/fbAQLP

exports[`components <RenderRadio /> renders correctly 1`] = `
<fieldset
  className="field radio-group"
>
  <div>
    <div />
  </div>
  <div />
</fieldset>
`;
